// Jest Snapshot v1, https://goo.gl/fbAQLP

exports[`Snapshot: Searchbox should match the snapshot for "empty props" 1`] = `ShallowWrapper {}`;

exports[`Snapshot: Searchbox should match the snapshot for "valid props" 1`] = `ShallowWrapper {}`;
